1         Threads
1         Connections per thread
10        Seconds


ALL STATS
========================================================================
Type        Ops/sec     Hits/sec   Misses/sec      Latency       KB/sec 
------------------------------------------------------------------------
Sets       29451.93          ---          ---      0.03200    118969.34 
Gets           0.00         0.00         0.00      0.00000         0.00 
Waits          0.00          ---          ---      0.00000          --- 
Totals     29451.93         0.00         0.00      0.03200    118969.34 
