1         Threads
1         Connections per thread
10        Seconds


ALL STATS
========================================================================
Type        Ops/sec     Hits/sec   Misses/sec      Latency       KB/sec 
------------------------------------------------------------------------
Sets       29662.86          ---          ---      0.03200    119821.38 
Gets           0.00         0.00         0.00      0.00000         0.00 
Waits          0.00          ---          ---      0.00000          --- 
Totals     29662.86         0.00         0.00      0.03200    119821.38 
