1         Threads
2         Connections per thread
10        Seconds


ALL STATS
========================================================================
Type        Ops/sec     Hits/sec   Misses/sec      Latency       KB/sec 
------------------------------------------------------------------------
Sets       64678.32          ---          ---      0.03000    261264.32 
Gets           0.00         0.00         0.00      0.00000         0.00 
Waits          0.00          ---          ---      0.00000          --- 
Totals     64678.32         0.00         0.00      0.03000    261264.32 
