1         Threads
4         Connections per thread
10        Seconds


ALL STATS
========================================================================
Type        Ops/sec     Hits/sec   Misses/sec      Latency       KB/sec 
------------------------------------------------------------------------
Sets       70769.97          ---          ---      0.05500    285871.29 
Gets           0.00         0.00         0.00      0.00000         0.00 
Waits          0.00          ---          ---      0.00000          --- 
Totals     70769.97         0.00         0.00      0.05500    285871.29 
